[21:58:20] [main/INFO] (FabricLoader/GameProvider) Loading Minecraft 26.1.1 with Fabric Loader 0.19.5
[21:58:20] [main/DEBUG] (FabricLoader/GamePatch) Found game constructor: net.minecraft.client.main.Main -> net.minecraft.client.Minecraft
[21:58:20] [main/DEBUG] (FabricLoader/GamePatch) Patching game constructor <init>(Lnet/minecraft/client/main/GameConfig;)V
[21:58:20] [main/DEBUG] (FabricLoader/GamePatch) Run directory field is thought to be net/minecraft/client/Minecraft/gameDirectory
[21:58:20] [main/DEBUG] (FabricLoader/GamePatch) Applying brand name hook to net/minecraft/client/ClientBrandRetriever::getClientModName
[21:58:20] [main/DEBUG] (FabricLoader/GamePatch) Applying brand name hook to net/minecraft/server/MinecraftServer::getServerModName
[21:58:20] [main/DEBUG] (FabricLoader/GamePatch) Patched 3 classs
[21:58:20] [main/DEBUG] (FabricLoader/Discovery) Mod discovery time: 17.6 ms
[21:58:20] [main/DEBUG] (FabricLoader/Resolution) Mod resolution time: 39.8 ms
[21:58:20] [main/INFO] (FabricLoader) Loading 6 mods:
	- fabric-api 0.145.3+26.1.1
	- fabricloader 0.19.5
	- java 25
	- minecraft 26.1.1
	- mixinextras 0.5.5
	- pancreas 1.0.0
[21:58:20] [main/DEBUG] (FabricLoader/Knot) Adding C:\Users\ruinl\Desktop\Mods By Pie\Pancreas\build\resources\main to classpath.
[21:58:20] [main/DEBUG] (FabricLoader/Knot) Adding C:\Users\ruinl\.gradle\caches\modules-2\files-2.1\io.github.llamalad7\mixinextras-fabric\0.5.5\d1055b99c0ab08a8403fe2da3d79ca28e6340a76\mixinextras-fabric-0.5.5.jar to classpath.
[21:58:20] [main/DEBUG] (FabricLoader/Knot) Adding C:\Users\ruinl\Desktop\Mods By Pie\Pancreas\.gradle\loom-cache\remapped_mods\remapped\net\fabricmc\fabric-api\fabric-api-0b4bd96b\0.145.3+26.1.1\fabric-api-0b4bd96b-0.145.3+26.1.1.jar to classpath.
[21:58:20] [main/DEBUG] (FabricLoader/Entrypoint) Registering new-style initializer ruinerpie.pancreas.PancreasClient for mod pancreas (key client)
[21:58:20] [main/INFO] (FabricLoader/Mixin) SpongePowered MIXIN Subsystem Version=0.8.7 Source=file:/C:/Users/ruinl/.gradle/caches/modules-2/files-2.1/net.fabricmc/sponge-mixin/0.17.4+mixin.0.8.7/5f66cc9f59b8efaa942155a3d5a30599bf6640dd/sponge-mixin-0.17.4+mixin.0.8.7.jar Service=Knot/Fabric Env=CLIENT
[21:58:20] [main/DEBUG] (FabricLoader/Mixin) Initialising Mixin Platform Manager
[21:58:20] [main/DEBUG] (FabricLoader/Mixin) Adding mixin platform agents for container ContainerHandleURI(file:///C:/Users/ruinl/.gradle/caches/modules-2/files-2.1/net.fabricmc/fabric-loader/0.19.5/ff9e65cffca4a67f31523e1807fe0855940fcbfa/fabric-loader-0.19.5.jar)
[21:58:20] [main/DEBUG] (FabricLoader/Mixin) Instancing new MixinPlatformAgentDefault for ContainerHandleURI(file:///C:/Users/ruinl/.gradle/caches/modules-2/files-2.1/net.fabricmc/fabric-loader/0.19.5/ff9e65cffca4a67f31523e1807fe0855940fcbfa/fabric-loader-0.19.5.jar)
[21:58:20] [main/DEBUG] (FabricLoader/Mixin) MixinPlatformAgentDefault accepted container ContainerHandleURI(file:///C:/Users/ruinl/.gradle/caches/modules-2/files-2.1/net.fabricmc/fabric-loader/0.19.5/ff9e65cffca4a67f31523e1807fe0855940fcbfa/fabric-loader-0.19.5.jar)
[21:58:20] [main/DEBUG] (FabricLoader/Mixin) Instancing new MixinPlatformAgentDefault for ContainerHandleURI(file:///C:/Users/ruinl/.gradle/caches/modules-2/files-2.1/net.fabricmc/fabric-loader/0.19.5/ff9e65cffca4a67f31523e1807fe0855940fcbfa/fabric-loader-0.19.5.jar)
[21:58:20] [main/DEBUG] (FabricLoader/Mixin) MixinPlatformAgentDefault accepted container ContainerHandleURI(file:///C:/Users/ruinl/.gradle/caches/modules-2/files-2.1/net.fabricmc/fabric-loader/0.19.5/ff9e65cffca4a67f31523e1807fe0855940fcbfa/fabric-loader-0.19.5.jar)
[21:58:20] [main/DEBUG] (FabricLoader/Mixin) Processing prepare() for PlatformAgent[MixinPlatformAgentDefault:ContainerHandleURI(file:///C:/Users/ruinl/.gradle/caches/modules-2/files-2.1/net.fabricmc/fabric-loader/0.19.5/ff9e65cffca4a67f31523e1807fe0855940fcbfa/fabric-loader-0.19.5.jar)]
[21:58:20] [main/DEBUG] (FabricLoader/Mixin) Processing prepare() for PlatformAgent[MixinPlatformAgentDefault:ContainerHandleURI(file:///C:/Users/ruinl/.gradle/caches/modules-2/files-2.1/net.fabricmc/fabric-loader/0.19.5/ff9e65cffca4a67f31523e1807fe0855940fcbfa/fabric-loader-0.19.5.jar)]
[21:58:21] [main/DEBUG] (FabricLoader/Mixin) Compatibility level JAVA_25 specified by pancreas.mixins.json is higher than the maximum level supported by this version of mixin (JAVA_13).
[21:58:21] [main/DEBUG] (FabricLoader/Mixin) Compatibility level set to JAVA_25
[21:58:21] [main/DEBUG] (FabricLoader/Knot) Adding C:\Users\ruinl\.gradle\caches\fabric-loom\minecraftMaven\net\minecraft\minecraft-merged\26.1.1-loom.mappings.26_1_1.layered+hash.491725533-v2\minecraft-merged-26.1.1-loom.mappings.26_1_1.layered+hash.491725533-v2.jar to classpath.
[21:58:21] [main/DEBUG] (FabricLoader/Knot) Adding C:\Users\ruinl\Desktop\Mods By Pie\Pancreas\build\classes\java\main to classpath.
[21:58:21] [main/DEBUG] (FabricLoader/Knot) Adding C:\Users\ruinl\Desktop\Mods By Pie\Pancreas\build\resources\main to classpath.
[21:58:21] [main/DEBUG] (FabricLoader/Knot) Adding C:\Users\ruinl\.gradle\caches\fabric-loom\26.1.1\loom.mappings.26_1_1.layered+hash.491725533-v2\mappings.jar to classpath.
[21:58:21] [main/DEBUG] (FabricLoader/Knot) Adding C:\Users\ruinl\.gradle\caches\modules-2\files-2.1\io.github.llamalad7\mixinextras-fabric\0.5.5\d1055b99c0ab08a8403fe2da3d79ca28e6340a76\mixinextras-fabric-0.5.5.jar to classpath.
[21:58:21] [main/DEBUG] (FabricLoader/Knot) Adding C:\Users\ruinl\.gradle\caches\modules-2\files-2.1\net.fabricmc\dev-launch-injector\0.2.1+build.8\da8bef7e6e2f952da707f282bdb46882a0fce5e3\dev-launch-injector-0.2.1+build.8.jar to classpath.
[21:58:21] [main/DEBUG] (FabricLoader/Knot) Adding C:\Users\ruinl\.gradle\caches\modules-2\files-2.1\at.yawk.lz4\lz4-java\1.10.1\f541d7f910fe3d76f38f799c507c48cc81b12ecb\lz4-java-1.10.1.jar to classpath.
[21:58:21] [main/DEBUG] (FabricLoader/Knot) Adding C:\Users\ruinl\.gradle\caches\modules-2\files-2.1\com.azure\azure-json\1.4.0\fcc1d354dbc3e0300e5276b1bf124d0247799cd8\azure-json-1.4.0.jar to classpath.
[21:58:21] [main/DEBUG] (FabricLoader/Knot) Adding C:\Users\ruinl\.gradle\caches\modules-2\files-2.1\com.github.oshi\oshi-core\6.9.0\3224870731860cfcd7744581a05b559e94291e7\oshi-core-6.9.0.jar to classpath.
[21:58:21] [main/DEBUG] (FabricLoader/Knot) Adding C:\Users\ruinl\.gradle\caches\modules-2\files-2.1\com.google.guava\failureaccess\1.0.3\aeaffd00d57023a2c947393ed251f0354f0985fc\failureaccess-1.0.3.jar to classpath.
[21:58:21] [main/DEBUG] (FabricLoader/Knot) Adding C:\Users\ruinl\.gradle\caches\modules-2\files-2.1\com.google.guava\guava\33.5.0-jre\8699de25f2f979108d6c1b804a7ba38cda1116bc\guava-33.5.0-jre.jar to classpath.
[21:58:21] [main/DEBUG] (FabricLoader/Knot) Adding C:\Users\ruinl\.gradle\caches\modules-2\files-2.1\com.ibm.icu\icu4j\77.1\38693cf0b1d7362a8b726af74dc06026a7c23809\icu4j-77.1.jar to classpath.
[21:58:21] [main/DEBUG] (FabricLoader/Knot) Adding C:\Users\ruinl\.gradle\caches\modules-2\files-2.1\com.microsoft.azure\msal4j\1.23.1\6c722b514873b24a4e1ce9c22dca36ea3c22bdbe\msal4j-1.23.1.jar to classpath.
[21:58:21] [main/DEBUG] (FabricLoader/Knot) Adding C:\Users\ruinl\.gradle\caches\modules-2\files-2.1\com.mojang\blocklist\1.0.10\5c685c5ffa94c4cd39496c7184c1d122e515ecef\blocklist-1.0.10.jar to classpath.
[21:58:21] [main/DEBUG] (FabricLoader/Knot) Adding C:\Users\ruinl\.gradle\caches\modules-2\files-2.1\com.mojang\brigadier\1.3.10\d15b53a14cf20fdcaa98f731af5dda654452c010\brigadier-1.3.10.jar to classpath.
[21:58:21] [main/DEBUG] (FabricLoader/Knot) Adding C:\Users\ruinl\.gradle\caches\modules-2\files-2.1\com.mojang\datafixerupper\9.0.19\4e91f9712fa1e83231d1501625381b0210a977da\datafixerupper-9.0.19.jar to classpath.
[21:58:21] [main/DEBUG] (FabricLoader/Knot) Adding C:\Users\ruinl\.gradle\caches\modules-2\files-2.1\com.mojang\jtracy\1.0.37\a3fb649b2e2b2288d2978f0b0bc3d83f62809d1e\jtracy-1.0.37.jar to classpath.
[21:58:21] [main/DEBUG] (FabricLoader/Knot) Adding C:\Users\ruinl\.gradle\caches\modules-2\files-2.1\com.mojang\jtracy\1.0.37\6ff6d710fd4ffd470f2799653fab57e27fed0c9d\jtracy-1.0.37-natives-windows.jar to classpath.
[21:58:21] [main/DEBUG] (FabricLoader/Knot) Adding C:\Users\ruinl\.gradle\caches\modules-2\files-2.1\com.mojang\patchy\2.2.10\da05971b07cbb379d002cf7eaec6a2048211fefc\patchy-2.2.10.jar to classpath.
[21:58:21] [main/DEBUG] (FabricLoader/Knot) Adding C:\Users\ruinl\.gradle\caches\modules-2\files-2.1\com.mojang\text2speech\1.18.11\e853a12cdd6ba4f4836e8f4bf3b37844a13482b6\text2speech-1.18.11.jar to classpath.
[21:58:21] [main/DEBUG] (FabricLoader/Knot) Adding C:\Users\ruinl\.gradle\caches\modules-2\files-2.1\commons-codec\commons-codec\1.19.0\8c0dbe3ae883fceda9b50a6c76e745e548073388\commons-codec-1.19.0.jar to classpath.
[21:58:21] [main/DEBUG] (FabricLoader/Knot) Adding C:\Users\ruinl\.gradle\caches\modules-2\files-2.1\commons-io\commons-io\2.20.0\36f3474daec2849c149e877614e7f979b2082cd2\commons-io-2.20.0.jar to classpath.
[21:58:21] [main/DEBUG] (FabricLoader/Knot) Adding C:\Users\ruinl\.gradle\caches\modules-2\files-2.1\io.netty\netty-buffer\4.2.7.Final\5555ff561643bf2f8430fb57c24403c0efe15994\netty-buffer-4.2.7.Final.jar to classpath.
[21:58:21] [main/DEBUG] (FabricLoader/Knot) Adding C:\Users\ruinl\.gradle\caches\modules-2\files-2.1\io.netty\netty-codec-base\4.2.7.Final\915e381ebabcf115f1c7ff7032d55c48afb50210\netty-codec-base-4.2.7.Final.jar to classpath.
[21:58:21] [main/DEBUG] (FabricLoader/Knot) Adding C:\Users\ruinl\.gradle\caches\modules-2\files-2.1\io.netty\netty-codec-compression\4.2.7.Final\572341bc1ca90fd9d6e47f1d2694aab5258566e9\netty-codec-compression-4.2.7.Final.jar to classpath.
[21:58:21] [main/DEBUG] (FabricLoader/Knot) Adding C:\Users\ruinl\.gradle\caches\modules-2\files-2.1\io.netty\netty-codec-http\4.2.7.Final\b734c108854099c421fd94d92d9f865e4d4da853\netty-codec-http-4.2.7.Final.jar to classpath.
[21:58:21] [main/DEBUG] (FabricLoader/Knot) Adding C:\Users\ruinl\.gradle\caches\modules-2\files-2.1\io.netty\netty-common\4.2.7.Final\11aa30df26af4fca3239ac1917f303a280f301e1\netty-common-4.2.7.Final.jar to classpath.
[21:58:21] [main/DEBUG] (FabricLoader/Knot) Adding C:\Users\ruinl\.gradle\caches\modules-2\files-2.1\io.netty\netty-handler\4.2.7.Final\7ad8a1f851e2e6fe93cdd091871fda2b81c03b5b\netty-handler-4.2.7.Final.jar to classpath.
[21:58:21] [main/DEBUG] (FabricLoader/Knot) Adding C:\Users\ruinl\.gradle\caches\modules-2\files-2.1\io.netty\netty-resolver\4.2.7.Final\5f3e5ef8de03992cd4fb46960dc0085ec1a12a12\netty-resolver-4.2.7.Final.jar to classpath.
[21:58:21] [main/DEBUG] (FabricLoader/Knot) Adding C:\Users\ruinl\.gradle\caches\modules-2\files-2.1\io.netty\netty-transport-classes-epoll\4.2.7.Final\1075c09f48a78eef9d819fbfd9096b903fdd362a\netty-transport-classes-epoll-4.2.7.Final.jar to classpath.
[21:58:21] [main/DEBUG] (FabricLoader/Knot) Adding C:\Users\ruinl\.gradle\caches\modules-2\files-2.1\io.netty\netty-transport-classes-kqueue\4.2.7.Final\bdec7c23c75caabd848426d073c09568e8d5f94e\netty-transport-classes-kqueue-4.2.7.Final.jar to classpath.
[21:58:21] [main/DEBUG] (FabricLoader/Knot) Adding C:\Users\ruinl\.gradle\caches\modules-2\files-2.1\io.netty\netty-transport-native-unix-common\4.2.7.Final\89953f04259ea7502cffb313630dd51e00e60669\netty-transport-native-unix-common-4.2.7.Final.jar to classpath.
[21:58:21] [main/DEBUG] (FabricLoader/Knot) Adding C:\Users\ruinl\.gradle\caches\modules-2\files-2.1\io.netty\netty-transport\4.2.7.Final\83ea548981d0d8c4a98027cc1a6f9624f902e142\netty-transport-4.2.7.Final.jar to classpath.
[21:58:21] [main/DEBUG] (FabricLoader/Knot) Adding C:\Users\ruinl\.gradle\caches\modules-2\files-2.1\it.unimi.dsi\fastutil\8.5.18\a6cff377eecc19c2037bf31568a6d7106b50ba1f\fastutil-8.5.18.jar to classpath.
[21:58:21] [main/DEBUG] (FabricLoader/Knot) Adding C:\Users\ruinl\.gradle\caches\modules-2\files-2.1\net.java.dev.jna\jna-platform\5.17.0\a4934c44d25a9d8c2ddf4203affd20330cb3426f\jna-platform-5.17.0.jar to classpath.
[21:58:21] [main/DEBUG] (FabricLoader/Knot) Adding C:\Users\ruinl\.gradle\caches\modules-2\files-2.1\net.java.dev.jna\jna\5.17.0\33d12735bef894440780fce64f9758d420c7bae2\jna-5.17.0.jar to classpath.
[21:58:21] [main/DEBUG] (FabricLoader/Knot) Adding C:\Users\ruinl\.gradle\caches\modules-2\files-2.1\net.sf.jopt-simple\jopt-simple\5.0.4\4fdac2fbe92dfad86aa6e9301736f6b4342a3f5c\jopt-simple-5.0.4.jar to classpath.
[21:58:21] [main/DEBUG] (FabricLoader/Knot) Adding C:\Users\ruinl\.gradle\caches\modules-2\files-2.1\org.apache.commons\commons-compress\1.28.0\e482f2c7a88dac3c497e96aa420b6a769f59c8d7\commons-compress-1.28.0.jar to classpath.
[21:58:21] [main/DEBUG] (FabricLoader/Knot) Adding C:\Users\ruinl\.gradle\caches\modules-2\files-2.1\org.apache.commons\commons-lang3\3.19.0\d6524b169a6574cd253760c472d419b47bfd37e6\commons-lang3-3.19.0.jar to classpath.
[21:58:21] [main/DEBUG] (FabricLoader/Knot) Adding C:\Users\ruinl\.gradle\caches\modules-2\files-2.1\org.jcraft\jorbis\0.0.17\8872d22b293e8f5d7d56ff92be966e6dc28ebdc6\jorbis-0.0.17.jar to classpath.
[21:58:21] [main/DEBUG] (FabricLoader/Knot) Adding C:\Users\ruinl\.gradle\caches\modules-2\files-2.1\org.joml\joml\1.10.8\fc0a71dad90a2cf41d82a76156a0e700af8e4f8d\joml-1.10.8.jar to classpath.
[21:58:21] [main/DEBUG] (FabricLoader/Knot) Adding C:\Users\ruinl\.gradle\caches\modules-2\files-2.1\org.jspecify\jspecify\1.0.0\7425a601c1c7ec76645a78d22b8c6a627edee507\jspecify-1.0.0.jar to classpath.
[21:58:21] [main/DEBUG] (FabricLoader/Knot) Adding C:\Users\ruinl\.gradle\caches\modules-2\files-2.1\org.lwjgl\lwjgl-freetype\3.4.1\caa75a37e857efc9b0686e434d708d6420c5b6ea\lwjgl-freetype-3.4.1.jar to classpath.
[21:58:21] [main/DEBUG] (FabricLoader/Knot) Adding C:\Users\ruinl\.gradle\caches\modules-2\files-2.1\org.lwjgl\lwjgl-freetype\3.4.1\32fc9cfd236aca5433d53af78bfb15f1b4c1103e\lwjgl-freetype-3.4.1-natives-windows.jar to classpath.
[21:58:21] [main/DEBUG] (FabricLoader/Knot) Adding C:\Users\ruinl\.gradle\caches\modules-2\files-2.1\org.lwjgl\lwjgl-freetype\3.4.1\a677b4a7bba84f925b4cc4f52a58c5248974bdeb\lwjgl-freetype-3.4.1-natives-windows-arm64.jar to classpath.
[21:58:21] [main/DEBUG] (FabricLoader/Knot) Adding C:\Users\ruinl\.gradle\caches\modules-2\files-2.1\org.lwjgl\lwjgl-freetype\3.4.1\81431d868bcf162d4c915b9c39b2c7aae155ad4f\lwjgl-freetype-3.4.1-natives-windows-x86.jar to classpath.
[21:58:21] [main/DEBUG] (FabricLoader/Knot) Adding C:\Users\ruinl\.gradle\caches\modules-2\files-2.1\org.lwjgl\lwjgl-glfw\3.4.1\a782b1ddd175c9107bf300fd92920579ea65e2a4\lwjgl-glfw-3.4.1.jar to classpath.
[21:58:21] [main/DEBUG] (FabricLoader/Knot) Adding C:\Users\ruinl\.gradle\caches\modules-2\files-2.1\org.lwjgl\lwjgl-glfw\3.4.1\2eb4aa895ea190ba8cf4356f8cea24d3ebb40ea1\lwjgl-glfw-3.4.1-natives-windows.jar to classpath.
[21:58:21] [main/DEBUG] (FabricLoader/Knot) Adding C:\Users\ruinl\.gradle\caches\modules-2\files-2.1\org.lwjgl\lwjgl-glfw\3.4.1\196101d96d9b2aa73264a96ae1dc8944a1446cee\lwjgl-glfw-3.4.1-natives-windows-arm64.jar to classpath.
[21:58:21] [main/DEBUG] (FabricLoader/Knot) Adding C:\Users\ruinl\.gradle\caches\modules-2\files-2.1\org.lwjgl\lwjgl-glfw\3.4.1\a48bbdd544f00c88f8906e9d09e3f31bc1c17fac\lwjgl-glfw-3.4.1-natives-windows-x86.jar to classpath.
[21:58:21] [main/DEBUG] (FabricLoader/Knot) Adding C:\Users\ruinl\.gradle\caches\modules-2\files-2.1\org.lwjgl\lwjgl-jemalloc\3.4.1\16b663092854fc6adfe0a941e61cae2bb2e437b6\lwjgl-jemalloc-3.4.1.jar to classpath.
[21:58:21] [main/DEBUG] (FabricLoader/Knot) Adding C:\Users\ruinl\.gradle\caches\modules-2\files-2.1\org.lwjgl\lwjgl-jemalloc\3.4.1\70db8048d1aca8a6365f46f9963b8d6cd77b9e94\lwjgl-jemalloc-3.4.1-natives-windows.jar to classpath.
[21:58:21] [main/DEBUG] (FabricLoader/Knot) Adding C:\Users\ruinl\.gradle\caches\modules-2\files-2.1\org.lwjgl\lwjgl-jemalloc\3.4.1\662e0926dd990f679e1cfb31d710d22d175bdabc\lwjgl-jemalloc-3.4.1-natives-windows-arm64.jar to classpath.
[21:58:21] [main/DEBUG] (FabricLoader/Knot) Adding C:\Users\ruinl\.gradle\caches\modules-2\files-2.1\org.lwjgl\lwjgl-jemalloc\3.4.1\d8cf69e1155df83260f9bbe01944fe91f8ca3955\lwjgl-jemalloc-3.4.1-natives-windows-x86.jar to classpath.
[21:58:21] [main/DEBUG] (FabricLoader/Knot) Adding C:\Users\ruinl\.gradle\caches\modules-2\files-2.1\org.lwjgl\lwjgl-openal\3.4.1\8508bd60589de0539aa465b78fcf838efd07ae9a\lwjgl-openal-3.4.1.jar to classpath.
[21:58:21] [main/DEBUG] (FabricLoader/Knot) Adding C:\Users\ruinl\.gradle\caches\modules-2\files-2.1\org.lwjgl\lwjgl-openal\3.4.1\8e83fdfdf65c80c9877c6fb6cb645d239ed7638\lwjgl-openal-3.4.1-natives-windows.jar to classpath.
[21:58:21] [main/DEBUG] (FabricLoader/Knot) Adding C:\Users\ruinl\.gradle\caches\modules-2\files-2.1\org.lwjgl\lwjgl-openal\3.4.1\4b996cc3321a807ee34e7ce53aba7fe529dc485a\lwjgl-openal-3.4.1-natives-windows-arm64.jar to classpath.
[21:58:21] [main/DEBUG] (FabricLoader/Knot) Adding C:\Users\ruinl\.gradle\caches\modules-2\files-2.1\org.lwjgl\lwjgl-openal\3.4.1\9e4bab87e9b89876fa77ea3c19e1b45334b97c10\lwjgl-openal-3.4.1-natives-windows-x86.jar to classpath.
[21:58:21] [main/DEBUG] (FabricLoader/Knot) Adding C:\Users\ruinl\.gradle\caches\modules-2\files-2.1\org.lwjgl\lwjgl-opengl\3.4.1\830412cab823c029cda6b9729f9d2ed36cf79959\lwjgl-opengl-3.4.1.jar to classpath.
[21:58:21] [main/DEBUG] (FabricLoader/Knot) Adding C:\Users\ruinl\.gradle\caches\modules-2\files-2.1\org.lwjgl\lwjgl-opengl\3.4.1\617f37ef4e2ffb727bd5e74333e8073ef43ca1ec\lwjgl-opengl-3.4.1-natives-windows.jar to classpath.
[21:58:21] [main/DEBUG] (FabricLoader/Knot) Adding C:\Users\ruinl\.gradle\caches\modules-2\files-2.1\org.lwjgl\lwjgl-opengl\3.4.1\4b6a9c5d7d5325312b740d9886087b7292b43bf9\lwjgl-opengl-3.4.1-natives-windows-arm64.jar to classpath.
[21:58:21] [main/DEBUG] (FabricLoader/Knot) Adding C:\Users\ruinl\.gradle\caches\modules-2\files-2.1\org.lwjgl\lwjgl-opengl\3.4.1\cfd47352b758a0c9f7046de467b103182ec77eb1\lwjgl-opengl-3.4.1-natives-windows-x86.jar to classpath.
[21:58:21] [main/DEBUG] (FabricLoader/Knot) Adding C:\Users\ruinl\.gradle\caches\modules-2\files-2.1\org.lwjgl\lwjgl-stb\3.4.1\f077c3dafc31924fbe8acb0b913f08977ba27f8e\lwjgl-stb-3.4.1.jar to classpath.
[21:58:21] [main/DEBUG] (FabricLoader/Knot) Adding C:\Users\ruinl\.gradle\caches\modules-2\files-2.1\org.lwjgl\lwjgl-stb\3.4.1\b4e13ece83c228ecf57354639d8555076a989d74\lwjgl-stb-3.4.1-natives-windows.jar to classpath.
[21:58:21] [main/DEBUG] (FabricLoader/Knot) Adding C:\Users\ruinl\.gradle\caches\modules-2\files-2.1\org.lwjgl\lwjgl-stb\3.4.1\7f4c39b3d56c7bae4900ee6e59d8f75432bdb18f\lwjgl-stb-3.4.1-natives-windows-arm64.jar to classpath.
[21:58:21] [main/DEBUG] (FabricLoader/Knot) Adding C:\Users\ruinl\.gradle\caches\modules-2\files-2.1\org.lwjgl\lwjgl-stb\3.4.1\e091cd3b25ab7db88f0e34a0d2797dc396a528fa\lwjgl-stb-3.4.1-natives-windows-x86.jar to classpath.
[21:58:21] [main/DEBUG] (FabricLoader/Knot) Adding C:\Users\ruinl\.gradle\caches\modules-2\files-2.1\org.lwjgl\lwjgl-tinyfd\3.4.1\562697d40dbd2ed0424bf24dcf65d51170f81adf\lwjgl-tinyfd-3.4.1.jar to classpath.
[21:58:21] [main/DEBUG] (FabricLoader/Knot) Adding C:\Users\ruinl\.gradle\caches\modules-2\files-2.1\org.lwjgl\lwjgl-tinyfd\3.4.1\bdd8c03151cc94460247986f843d134ae8f9406a\lwjgl-tinyfd-3.4.1-natives-windows.jar to classpath.
[21:58:21] [main/DEBUG] (FabricLoader/Knot) Adding C:\Users\ruinl\.gradle\caches\modules-2\files-2.1\org.lwjgl\lwjgl-tinyfd\3.4.1\9c93b8211856bfe682f3225ccac811e74243f98e\lwjgl-tinyfd-3.4.1-natives-windows-arm64.jar to classpath.
[21:58:21] [main/DEBUG] (FabricLoader/Knot) Adding C:\Users\ruinl\.gradle\caches\modules-2\files-2.1\org.lwjgl\lwjgl-tinyfd\3.4.1\f585da74a17695ba38351697712c03784ee1348b\lwjgl-tinyfd-3.4.1-natives-windows-x86.jar to classpath.
[21:58:21] [main/DEBUG] (FabricLoader/Knot) Adding C:\Users\ruinl\.gradle\caches\modules-2\files-2.1\org.lwjgl\lwjgl\3.4.1\6105690714874b995aa7812e4f7732a21109276c\lwjgl-3.4.1.jar to classpath.
[21:58:21] [main/DEBUG] (FabricLoader/Knot) Adding C:\Users\ruinl\.gradle\caches\modules-2\files-2.1\org.lwjgl\lwjgl\3.4.1\96a217f0428ab73487f114a54179a4f41e851a04\lwjgl-3.4.1-natives-windows.jar to classpath.
[21:58:21] [main/DEBUG] (FabricLoader/Knot) Adding C:\Users\ruinl\.gradle\caches\modules-2\files-2.1\org.lwjgl\lwjgl\3.4.1\d1d3a7052da47ccde2a5fdf3a1bd45d801c3157c\lwjgl-3.4.1-natives-windows-arm64.jar to classpath.
[21:58:21] [main/DEBUG] (FabricLoader/Knot) Adding C:\Users\ruinl\.gradle\caches\modules-2\files-2.1\org.lwjgl\lwjgl\3.4.1\65de43bd52507e108a58247c0da57a50ce3ee6f6\lwjgl-3.4.1-natives-windows-x86.jar to classpath.
[21:58:21] [main/DEBUG] (FabricLoader/Knot) Adding C:\Users\ruinl\.gradle\caches\modules-2\files-2.1\io.netty\netty-transport-native-epoll\4.2.7.Final\e83998bfc10b5289d9bcbe807c4079ef0eed8e6f\netty-transport-native-epoll-4.2.7.Final-linux-x86_64.jar to classpath.
[21:58:21] [main/DEBUG] (FabricLoader/Knot) Adding C:\Users\ruinl\.gradle\caches\modules-2\files-2.1\io.netty\netty-transport-native-epoll\4.2.7.Final\98d02251c98c8f07a23ac5ea27657d9e0ef57614\netty-transport-native-epoll-4.2.7.Final-linux-aarch_64.jar to classpath.
[21:58:21] [main/DEBUG] (FabricLoader/Knot) Adding C:\Users\ruinl\.gradle\caches\modules-2\files-2.1\io.netty\netty-transport-native-kqueue\4.2.7.Final\40868fd4e43bce2798245f790624b58803dc26b6\netty-transport-native-kqueue-4.2.7.Final-osx-x86_64.jar to classpath.
[21:58:21] [main/DEBUG] (FabricLoader/Knot) Adding C:\Users\ruinl\.gradle\caches\modules-2\files-2.1\io.netty\netty-transport-native-kqueue\4.2.7.Final\e5a0feef41410c8a5ae00c6cb4e0c99bd0aded6a\netty-transport-native-kqueue-4.2.7.Final-osx-aarch_64.jar to classpath.
[21:58:21] [main/DEBUG] (FabricLoader/Knot) Adding C:\Users\ruinl\Desktop\Mods By Pie\Pancreas\.gradle\loom-cache\remapped_mods\remapped\net\fabricmc\fabric-api\fabric-api-0b4bd96b\0.145.3+26.1.1\fabric-api-0b4bd96b-0.145.3+26.1.1.jar to classpath.
[21:58:21] [main/DEBUG] (FabricLoader/Entrypoint) No subscribers for entrypoint 'preLaunch'
[21:58:21] [main/DEBUG] (FabricLoader/Mixin) Preparing mixins for MixinEnvironment[DEFAULT]
[21:58:21] [main/DEBUG] (FabricLoader/Mixin) Selecting config pancreas.mixins.json
[21:58:21] [main/DEBUG] (FabricLoader/Mixin) Selecting config mixinextras.init.mixins.json
[21:58:21] [main/DEBUG] (FabricLoader/MixinExtras|Service) com.llamalad7.mixinextras.service.MixinExtrasServiceImpl(version=0.5.5) is taking over from null
[21:58:21] [main/DEBUG] (FabricLoader/Mixin) Registering new injector for @Inject with org.spongepowered.asm.mixin.injection.struct.CallbackInjectionInfo
[21:58:21] [main/DEBUG] (FabricLoader/Mixin) Registering new injector for @ModifyArg with org.spongepowered.asm.mixin.injection.struct.ModifyArgInjectionInfo
[21:58:21] [main/DEBUG] (FabricLoader/Mixin) Registering new injector for @ModifyArgs with org.spongepowered.asm.mixin.injection.struct.ModifyArgsInjectionInfo
[21:58:21] [main/DEBUG] (FabricLoader/Mixin) Registering new injector for @Redirect with org.spongepowered.asm.mixin.injection.struct.RedirectInjectionInfo
[21:58:21] [main/DEBUG] (FabricLoader/Mixin) Registering new injector for @ModifyVariable with org.spongepowered.asm.mixin.injection.struct.ModifyVariableInjectionInfo
[21:58:21] [main/DEBUG] (FabricLoader/Mixin) Registering new injector for @ModifyConstant with org.spongepowered.asm.mixin.injection.struct.ModifyConstantInjectionInfo
[21:58:21] [main/DEBUG] (FabricLoader/Mixin) Preparing pancreas.mixins.json (20)
[21:58:21] [main/DEBUG] (FabricLoader/Mixin) Preparing mixinextras.init.mixins.json (0)
[21:58:21] [main/DEBUG] (io.netty.util.internal.logging.InternalLoggerFactory) Using SLF4J as the default logging framework
[21:58:21] [main/DEBUG] (io.netty.util.ResourceLeakDetector) -Dio.netty.leakDetection.level: simple
[21:58:21] [main/DEBUG] (io.netty.util.ResourceLeakDetector) -Dio.netty.leakDetection.targetRecords: 4
[21:58:22] [Datafixer Bootstrap/INFO] (com.mojang.datafixers.DataFixerBuilder) 291 Datafixer optimizations took 257 milliseconds
[21:58:22] [main/INFO] (FabricLoader/MixinExtras|Service) Initializing MixinExtras via com.llamalad7.mixinextras.service.MixinExtrasServiceImpl(version=0.5.5).
[21:58:22] [main/DEBUG] (FabricLoader/Mixin) Registering new injector for @SugarWrapper with com.llamalad7.mixinextras.sugar.impl.SugarWrapperInjectionInfo
[21:58:22] [main/DEBUG] (FabricLoader/Mixin) Registering new injector for @FactoryRedirectWrapper with com.llamalad7.mixinextras.wrapper.factory.FactoryRedirectWrapperInjectionInfo
[21:58:22] [main/DEBUG] (FabricLoader/Mixin) Registering new injector for @ExpressionInjectorWrapper with com.llamalad7.mixinextras.expression.impl.wrapper.ExpressionInjectorWrapperInjectionInfo
[21:58:22] [main/DEBUG] (FabricLoader/Mixin) Mixing EntityAccessor from pancreas.mixins.json into net.minecraft.world.entity.Entity
[21:58:22] [main/DEBUG] (FabricLoader/Mixin) Mixing LivingEntityAccessor from pancreas.mixins.json into net.minecraft.world.entity.LivingEntity
[21:58:22] [main/DEBUG] (FabricLoader/Mixin) Mixing MobEffectInstanceAccessor from pancreas.mixins.json into net.minecraft.world.effect.MobEffectInstance
[21:58:23] [main/DEBUG] (FabricLoader/Mixin) Mixing MobBucketItemAccessor from pancreas.mixins.json into net.minecraft.world.item.MobBucketItem
[21:58:25] [main/DEBUG] (FabricLoader/Mixin) Mixing LocalPlayerMixin from pancreas.mixins.json into net.minecraft.client.player.LocalPlayer
[21:58:25] [main/DEBUG] (FabricLoader/Mixin) pancreas.mixins.json:LocalPlayerMixin from mod pancreas->@Inject::onSendMovementPacketsPre(Lorg/spongepowered/asm/mixin/injection/callback/CallbackInfo;)V does use it's CallbackInfo
[21:58:25] [main/DEBUG] (FabricLoader/Mixin) pancreas.mixins.json:LocalPlayerMixin from mod pancreas->@Inject::onSendMovementPacketsPost(Lorg/spongepowered/asm/mixin/injection/callback/CallbackInfo;)V doesn't use it's CallbackInfo
[21:58:25] [main/DEBUG] (FabricLoader/Mixin) pancreas.mixins.json:LocalPlayerMixin from mod pancreas->@Inject::onSendMovementPacketsPost(Lorg/spongepowered/asm/mixin/injection/callback/CallbackInfo;)V has 0 override(s) in child classes
[21:58:25] [main/DEBUG] (FabricLoader/Mixin) pancreas.mixins.json:LocalPlayerMixin from mod pancreas->@Inject::onSendMovementPacketsPost(Lorg/spongepowered/asm/mixin/injection/callback/CallbackInfo;)V won't be passed a CallbackInfo as a result
[21:58:25] [Render thread/DEBUG] (FabricLoader/Mixin) Mixing MinecraftAccessor from pancreas.mixins.json into net.minecraft.client.Minecraft
[21:58:25] [Render thread/DEBUG] (FabricLoader/Mixin) Mixing MinecraftMixin from pancreas.mixins.json into net.minecraft.client.Minecraft
[21:58:25] [Render thread/DEBUG] (FabricLoader/Mixin) pancreas.mixins.json:MinecraftMixin from mod pancreas->@Inject::onTick(Lorg/spongepowered/asm/mixin/injection/callback/CallbackInfo;)V doesn't use it's CallbackInfo
[21:58:25] [Render thread/DEBUG] (FabricLoader/Mixin) pancreas.mixins.json:MinecraftMixin from mod pancreas->@Inject::onTick(Lorg/spongepowered/asm/mixin/injection/callback/CallbackInfo;)V has 0 override(s) in child classes
[21:58:25] [Render thread/DEBUG] (FabricLoader/Mixin) pancreas.mixins.json:MinecraftMixin from mod pancreas->@Inject::onTick(Lorg/spongepowered/asm/mixin/injection/callback/CallbackInfo;)V won't be passed a CallbackInfo as a result
[21:58:25] [Render thread/DEBUG] (FabricLoader/Mixin) Mixing AbstractContainerScreenAccessor from pancreas.mixins.json into net.minecraft.client.gui.screens.inventory.AbstractContainerScreen
[21:58:25] [Render thread/INFO] (com.mojang.authlib.yggdrasil.YggdrasilAuthenticationService) Environment: Environment[sessionHost=https://sessionserver.mojang.com, servicesHost=https://api.minecraftservices.com, profilesHost=https://api.mojang.com, name=PROD]
[21:58:25] [Yggdrasil Key Fetcher/DEBUG] (com.mojang.authlib.minecraft.client.MinecraftClient) Connecting to https://api.minecraftservices.com/publickeys
[21:58:25] [Download-1/DEBUG] (com.mojang.authlib.minecraft.client.MinecraftClient) Connecting to https://sessionserver.mojang.com/session/minecraft/profile/33978c4785f03cad8a2d42421a4d8510?unsigned=false
[21:58:25] [Render thread/INFO] (net.minecraft.client.Minecraft) Setting user: Player165
[21:58:25] [Download-2/DEBUG] (com.mojang.authlib.minecraft.client.MinecraftClient) Connecting to https://api.minecraftservices.com/player/attributes
[21:58:25] [Render thread/DEBUG] (FabricLoader/Entrypoint) No subscribers for entrypoint 'main'
[21:58:25] [Render thread/DEBUG] (FabricLoader/Entrypoint) Iterating over entrypoint 'client'
[21:58:25] [Render thread/DEBUG] (FabricLoader/Mixin) Mixing ChatComponentAccessor from pancreas.mixins.json into net.minecraft.client.gui.components.ChatComponent
[21:58:25] [Render thread/DEBUG] (FabricLoader/Mixin) Mixing ChatComponentMixin from pancreas.mixins.json into net.minecraft.client.gui.components.ChatComponent
[21:58:25] [Render thread/INFO] (net.minecraft.client.Minecraft) Backend library: LWJGL version 3.4.1-snapshot
[21:58:26] [Download-1/DEBUG] (com.mojang.authlib.yggdrasil.YggdrasilMinecraftSessionService) Couldn't fetch profile properties for 33978c47-85f0-3cad-8a2d-42421a4d8510 as the profile does not exist
[21:58:26] [Download-2/ERROR] (net.minecraft.client.Minecraft) Failed to fetch user properties
com.mojang.authlib.exceptions.InvalidCredentialsException: Status: 401
	at knot//com.mojang.authlib.exceptions.MinecraftClientHttpException.toAuthenticationException(MinecraftClientHttpException.java:59)
	at knot//com.mojang.authlib.yggdrasil.YggdrasilUserApiService.fetchProperties(YggdrasilUserApiService.java:150)
	at knot//net.minecraft.client.Minecraft.lambda$new$1(Minecraft.java:459)
	at java.base/java.util.concurrent.CompletableFuture$AsyncSupply.run(CompletableFuture.java:1789)
	at java.base/java.util.concurrent.ThreadPoolExecutor.runWorker(ThreadPoolExecutor.java:1090)
	at java.base/java.util.concurrent.ThreadPoolExecutor$Worker.run(ThreadPoolExecutor.java:614)
	at java.base/java.lang.Thread.run(Thread.java:1474)
Caused by: com.mojang.authlib.exceptions.MinecraftClientHttpException: Status: 401
	at knot//com.mojang.authlib.minecraft.client.MinecraftClient.readInputStream(MinecraftClient.java:103)
	at knot//com.mojang.authlib.minecraft.client.MinecraftClient.get(MinecraftClient.java:56)
	at knot//com.mojang.authlib.yggdrasil.YggdrasilUserApiService.fetchProperties(YggdrasilUserApiService.java:121)
	... 5 more
[21:58:26] [Render thread/DEBUG] (FabricLoader/Mixin) Mixing MouseHandlerMixin from pancreas.mixins.json into net.minecraft.client.MouseHandler
[21:58:26] [Render thread/DEBUG] (FabricLoader/Mixin) pancreas.mixins.json:MouseHandlerMixin from mod pancreas->@Inject::onMouseButton(JLnet/minecraft/client/input/MouseButtonInfo;ILorg/spongepowered/asm/mixin/injection/callback/CallbackInfo;)V does use it's CallbackInfo
[21:58:26] [Render thread/DEBUG] (FabricLoader/Mixin) pancreas.mixins.json:MouseHandlerMixin from mod pancreas->@Inject::onMouseScroll(JDDLorg/spongepowered/asm/mixin/injection/callback/CallbackInfo;)V does use it's CallbackInfo
[21:58:26] [Render thread/DEBUG] (FabricLoader/Mixin) Mixing KeyboardHandlerMixin from pancreas.mixins.json into net.minecraft.client.KeyboardHandler
[21:58:26] [Render thread/DEBUG] (FabricLoader/Mixin) pancreas.mixins.json:KeyboardHandlerMixin from mod pancreas->@Inject::onKeyPress(JILnet/minecraft/client/input/KeyEvent;Lorg/spongepowered/asm/mixin/injection/callback/CallbackInfo;)V does use it's CallbackInfo
[21:58:26] [Render thread/INFO] (net.minecraft.client.Minecraft) Using optional rendering extensions: GL_ARB_buffer_storage, GL_KHR_debug, GL_ARB_vertex_attrib_binding, GL_ARB_direct_state_access, GL_EXT_texture_filter_anisotropic
[21:58:26] [Render thread/DEBUG] (com.mojang.blaze3d.audio.Library) Using SOFT_system_events callback for tracking audio device changes
[21:58:27] [Render thread/DEBUG] (FabricLoader/Mixin) Mixing LevelRendererAccessor from pancreas.mixins.json into net.minecraft.client.renderer.LevelRenderer
[21:58:27] [Render thread/DEBUG] (FabricLoader/Mixin) Mixing LevelRendererMixin from pancreas.mixins.json into net.minecraft.client.renderer.LevelRenderer
[21:58:27] [Render thread/DEBUG] (FabricLoader/Mixin) pancreas.mixins.json:LevelRendererMixin from mod pancreas->@Inject::onRenderLevel(Lcom/mojang/blaze3d/resource/GraphicsResourceAllocator;Lnet/minecraft/client/DeltaTracker;ZLnet/minecraft/client/renderer/state/level/CameraRenderState;Lorg/joml/Matrix4fc;Lcom/mojang/blaze3d/buffers/GpuBufferSlice;Lorg/joml/Vector4f;ZLnet/minecraft/client/renderer/chunk/ChunkSectionsToRender;Lorg/spongepowered/asm/mixin/injection/callback/CallbackInfo;)V doesn't use it's CallbackInfo
[21:58:27] [Render thread/DEBUG] (FabricLoader/Mixin) pancreas.mixins.json:LevelRendererMixin from mod pancreas->@Inject::onRenderLevel(Lcom/mojang/blaze3d/resource/GraphicsResourceAllocator;Lnet/minecraft/client/DeltaTracker;ZLnet/minecraft/client/renderer/state/level/CameraRenderState;Lorg/joml/Matrix4fc;Lcom/mojang/blaze3d/buffers/GpuBufferSlice;Lorg/joml/Vector4f;ZLnet/minecraft/client/renderer/chunk/ChunkSectionsToRender;Lorg/spongepowered/asm/mixin/injection/callback/CallbackInfo;)V has 0 override(s) in child classes
[21:58:27] [Render thread/DEBUG] (FabricLoader/Mixin) pancreas.mixins.json:LevelRendererMixin from mod pancreas->@Inject::onRenderLevel(Lcom/mojang/blaze3d/resource/GraphicsResourceAllocator;Lnet/minecraft/client/DeltaTracker;ZLnet/minecraft/client/renderer/state/level/CameraRenderState;Lorg/joml/Matrix4fc;Lcom/mojang/blaze3d/buffers/GpuBufferSlice;Lorg/joml/Vector4f;ZLnet/minecraft/client/renderer/chunk/ChunkSectionsToRender;Lorg/spongepowered/asm/mixin/injection/callback/CallbackInfo;)V won't be passed a CallbackInfo as a result
[21:58:27] [Render thread/DEBUG] (FabricLoader/Mixin) Mixing GuiMixin from pancreas.mixins.json into net.minecraft.client.gui.Gui
[21:58:27] [Render thread/DEBUG] (FabricLoader/Mixin) pancreas.mixins.json:GuiMixin from mod pancreas->@Inject::onExtractRenderState(Lnet/minecraft/client/gui/GuiGraphicsExtractor;Lnet/minecraft/client/DeltaTracker;Lorg/spongepowered/asm/mixin/injection/callback/CallbackInfo;)V doesn't use it's CallbackInfo
[21:58:27] [Render thread/DEBUG] (FabricLoader/Mixin) pancreas.mixins.json:GuiMixin from mod pancreas->@Inject::onExtractRenderState(Lnet/minecraft/client/gui/GuiGraphicsExtractor;Lnet/minecraft/client/DeltaTracker;Lorg/spongepowered/asm/mixin/injection/callback/CallbackInfo;)V has 0 override(s) in child classes
[21:58:27] [Render thread/DEBUG] (FabricLoader/Mixin) pancreas.mixins.json:GuiMixin from mod pancreas->@Inject::onExtractRenderState(Lnet/minecraft/client/gui/GuiGraphicsExtractor;Lnet/minecraft/client/DeltaTracker;Lorg/spongepowered/asm/mixin/injection/callback/CallbackInfo;)V won't be passed a CallbackInfo as a result
[21:58:27] [Render thread/DEBUG] (FabricLoader/Mixin) pancreas.mixins.json:GuiMixin from mod pancreas->@Inject::onExtractRenderState(Lnet/minecraft/client/gui/GuiGraphicsExtractor;Lnet/minecraft/client/DeltaTracker;Lorg/spongepowered/asm/mixin/injection/callback/CallbackInfo;)V doesn't use it's CallbackInfo
[21:58:27] [Render thread/DEBUG] (FabricLoader/Mixin) pancreas.mixins.json:GuiMixin from mod pancreas->@Inject::onExtractRenderState(Lnet/minecraft/client/gui/GuiGraphicsExtractor;Lnet/minecraft/client/DeltaTracker;Lorg/spongepowered/asm/mixin/injection/callback/CallbackInfo;)V has 0 override(s) in child classes
[21:58:27] [Render thread/DEBUG] (FabricLoader/Mixin) pancreas.mixins.json:GuiMixin from mod pancreas->@Inject::onExtractRenderState(Lnet/minecraft/client/gui/GuiGraphicsExtractor;Lnet/minecraft/client/DeltaTracker;Lorg/spongepowered/asm/mixin/injection/callback/CallbackInfo;)V won't be passed a CallbackInfo as a result
[21:58:27] [Render thread/INFO] (net.minecraft.server.packs.resources.ReloadableResourceManager) Reloading ResourceManager: vanilla
[21:58:27] [Render thread/DEBUG] (com.mojang.blaze3d.systems.RenderSystem) Growing IndexBuffer: Old limit 0, new limit 60.
[21:58:27] [Worker-Main-3/INFO] (net.minecraft.client.gui.font.providers.UnihexProvider) Found unifont_pua-17.0.01.hex, loading
[21:58:27] [Worker-Main-5/INFO] (net.minecraft.client.gui.font.providers.UnihexProvider) Found unifont_all_no_pua-17.0.01.hex, loading
[21:58:27] [Worker-Main-2/INFO] (net.minecraft.client.gui.font.providers.UnihexProvider) Found unifont_jp_patch-17.0.01.hex, loading
[21:58:27] [Download-2/INFO] (com.mojang.realmsclient.client.RealmsClient) Could not authorize you against Realms server: java.lang.RuntimeException: Failed to parse into SignedJWT: FabricMC
[21:58:27] [Download-2/ERROR] (com.mojang.realmsclient.client.RealmsClient) Failed to fetch Realms feature flags
com.mojang.realmsclient.exception.RealmsServiceException: Realms authentication error with message 'java.lang.RuntimeException: Failed to parse into SignedJWT: FabricMC'
	at knot//com.mojang.realmsclient.client.RealmsClient.execute(RealmsClient.java:526)
	at knot//com.mojang.realmsclient.client.RealmsClient.fetchFeatureFlags(RealmsClient.java:186)
	at java.base/java.util.concurrent.CompletableFuture$AsyncSupply.run(CompletableFuture.java:1789)
	at java.base/java.util.concurrent.ThreadPoolExecutor.runWorker(ThreadPoolExecutor.java:1090)
	at java.base/java.util.concurrent.ThreadPoolExecutor$Worker.run(ThreadPoolExecutor.java:614)
	at java.base/java.lang.Thread.run(Thread.java:1474)
[21:58:28] [Render thread/INFO] (com.mojang.blaze3d.audio.Library) OpenAL initialized on device OpenAL Soft on Speakers (Echo Dot-9NW)
[21:58:28] [Render thread/INFO] (net.minecraft.client.sounds.SoundEngine) Sound engine started
[21:58:28] [Render thread/INFO] (net.minecraft.client.renderer.texture.TextureAtlas) Created: 512x256x0 minecraft:textures/atlas/particles.png-atlas
[21:58:28] [Render thread/INFO] (net.minecraft.client.renderer.texture.TextureAtlas) Created: 128x128x0 minecraft:textures/atlas/decorated_pot.png-atlas
[21:58:28] [Render thread/INFO] (net.minecraft.client.renderer.texture.TextureAtlas) Created: 2048x1024x0 minecraft:textures/atlas/armor_trims.png-atlas
[21:58:28] [Render thread/INFO] (net.minecraft.client.renderer.texture.TextureAtlas) Created: 512x256x0 minecraft:textures/atlas/paintings.png-atlas
[21:58:28] [Render thread/INFO] (net.minecraft.client.renderer.texture.TextureAtlas) Created: 1024x512x0 minecraft:textures/atlas/shield_patterns.png-atlas
[21:58:28] [Render thread/INFO] (net.minecraft.client.renderer.texture.TextureAtlas) Created: 2048x2048x4 minecraft:textures/atlas/blocks.png-atlas
[21:58:28] [Render thread/INFO] (net.minecraft.client.renderer.texture.TextureAtlas) Created: 512x512x0 minecraft:textures/atlas/chest.png-atlas
[21:58:28] [Render thread/INFO] (net.minecraft.client.renderer.texture.TextureAtlas) Created: 256x128x0 minecraft:textures/atlas/celestials.png-atlas
[21:58:28] [Render thread/INFO] (net.minecraft.client.renderer.texture.TextureAtlas) Created: 1024x512x0 minecraft:textures/atlas/banner_patterns.png-atlas
[21:58:28] [Render thread/INFO] (net.minecraft.client.renderer.texture.TextureAtlas) Created: 512x512x0 minecraft:textures/atlas/beds.png-atlas
[21:58:28] [Render thread/INFO] (net.minecraft.client.renderer.texture.TextureAtlas) Created: 1024x512x0 minecraft:textures/atlas/items.png-atlas
[21:58:28] [Render thread/INFO] (net.minecraft.client.renderer.texture.TextureAtlas) Created: 1024x1024x0 minecraft:textures/atlas/gui.png-atlas
[21:58:28] [Render thread/INFO] (net.minecraft.client.renderer.texture.TextureAtlas) Created: 128x64x0 minecraft:textures/atlas/map_decorations.png-atlas
[21:58:28] [Render thread/INFO] (net.minecraft.client.renderer.texture.TextureAtlas) Created: 512x256x0 minecraft:textures/atlas/signs.png-atlas
[21:58:28] [Render thread/INFO] (net.minecraft.client.renderer.texture.TextureAtlas) Created: 512x512x0 minecraft:textures/atlas/shulker_boxes.png-atlas
[21:58:28] [Render thread/DEBUG] (io.netty.util.internal.InternalThreadLocalMap) -Dio.netty.threadLocalMap.stringBuilder.initialSize: 1024
[21:58:28] [Render thread/DEBUG] (io.netty.util.internal.InternalThreadLocalMap) -Dio.netty.threadLocalMap.stringBuilder.maxSize: 4096
[21:58:28] [Render thread/DEBUG] (io.netty.util.internal.ThreadLocalRandom) -Dio.netty.initialSeedUniquifier: 0xff9ad58d61f2d205
[21:58:29] [IO-Worker-1/INFO] (com.mojang.realmsclient.client.RealmsClient) Could not authorize you against Realms server: java.lang.RuntimeException: Failed to parse into SignedJWT: FabricMC
[21:58:29] [IO-Worker-1/ERROR] (com.mojang.realmsclient.RealmsAvailability) Couldn't connect to realms
com.mojang.realmsclient.exception.RealmsServiceException: Realms authentication error with message 'java.lang.RuntimeException: Failed to parse into SignedJWT: FabricMC'
	at knot//com.mojang.realmsclient.client.RealmsClient.execute(RealmsClient.java:526)
	at knot//com.mojang.realmsclient.client.RealmsClient.clientCompatible(RealmsClient.java:307)
	at knot//com.mojang.realmsclient.RealmsAvailability.lambda$check$0(RealmsAvailability.java:48)
	at java.base/java.util.concurrent.CompletableFuture$AsyncSupply.run(CompletableFuture.java:1789)
	at java.base/java.util.concurrent.ThreadPoolExecutor.runWorker(ThreadPoolExecutor.java:1090)
	at java.base/java.util.concurrent.ThreadPoolExecutor$Worker.run(ThreadPoolExecutor.java:614)
	at java.base/java.lang.Thread.run(Thread.java:1474)
[21:58:29] [Render thread/DEBUG] (com.mojang.blaze3d.systems.RenderSystem) Growing IndexBuffer: Old limit 60, new limit 204.
[21:58:30] [Render thread/DEBUG] (com.mojang.blaze3d.systems.RenderSystem) Growing IndexBuffer: Old limit 204, new limit 816.
[21:58:32] [Render thread/DEBUG] (com.mojang.blaze3d.systems.RenderSystem) Growing IndexBuffer: Old limit 816, new limit 4752.
[21:58:35] [Render thread/INFO] (net.minecraft.world.item.crafting.RecipeManager) Loaded 1515 recipes
[21:58:35] [Render thread/INFO] (net.minecraft.advancements.AdvancementTree) Loaded 1617 advancements
[21:58:35] [Server thread/INFO] (net.minecraft.client.server.IntegratedServer) Starting integrated minecraft server version 26.1.1
[21:58:35] [Server thread/INFO] (net.minecraft.server.MinecraftServer) Generating keypair
[21:58:35] [Render thread/DEBUG] (com.mojang.blaze3d.systems.RenderSystem) Growing IndexBuffer: Old limit 4752, new limit 14688.
[21:58:36] [Server thread/INFO] (net.minecraft.server.level.progress.LoggingLevelLoadListener) Loading 0 persistent chunks...
[21:58:36] [Server thread/INFO] (net.minecraft.server.MinecraftServer) Saving chunks for level 'ServerLevel[New World]'/minecraft:overworld
[21:58:36] [Server thread/INFO] (net.minecraft.server.MinecraftServer) Saving chunks for level 'ServerLevel[New World]'/minecraft:the_nether
[21:58:36] [Server thread/INFO] (net.minecraft.server.MinecraftServer) Saving chunks for level 'ServerLevel[New World]'/minecraft:the_end
[21:58:36] [Server thread/INFO] (net.minecraft.server.MinecraftServer) ThreadedAnvilChunkStorage (world): All chunks are saved
[21:58:36] [Server thread/INFO] (net.minecraft.server.MinecraftServer) ThreadedAnvilChunkStorage (DIM-1): All chunks are saved
[21:58:36] [Server thread/INFO] (net.minecraft.server.MinecraftServer) ThreadedAnvilChunkStorage (DIM1): All chunks are saved
[21:58:36] [Server thread/INFO] (net.minecraft.server.MinecraftServer) ThreadedAnvilChunkStorage: All dimensions are saved
[21:58:36] [Render thread/DEBUG] (io.netty.channel.MultithreadEventLoopGroup) -Dio.netty.eventLoopThreads: 32
[21:58:36] [Render thread/DEBUG] (io.netty.util.concurrent.GlobalEventExecutor) -Dio.netty.globalEventExecutor.quietPeriodSeconds: 1
[21:58:36] [Render thread/DEBUG] (io.netty.util.internal.PlatformDependent0) Java version: 25
[21:58:36] [Render thread/DEBUG] (io.netty.util.internal.PlatformDependent0) -Dio.netty.noUnsafe: false
[21:58:36] [Render thread/DEBUG] (io.netty.util.internal.PlatformDependent0) sun.misc.Unsafe.theUnsafe: available
[21:58:36] [Render thread/DEBUG] (io.netty.util.internal.PlatformDependent0) sun.misc.Unsafe base methods: all available
[21:58:36] [Render thread/DEBUG] (io.netty.util.internal.PlatformDependent0) java.nio.Buffer.address: available
[21:58:36] [Render thread/DEBUG] (io.netty.util.internal.PlatformDependent0) direct buffer constructor: unavailable: Reflective setAccessible(true) disabled
[21:58:36] [Render thread/DEBUG] (io.netty.util.internal.PlatformDependent0) java.nio.Bits.unaligned: available, true
[21:58:36] [Render thread/DEBUG] (io.netty.util.internal.PlatformDependent0) jdk.internal.misc.Unsafe.allocateUninitializedArray(int): unavailable: symbolic reference class is not accessible: class jdk.internal.misc.Unsafe, from class io.netty.util.internal.PlatformDependent0 (unnamed module @7494f96a)
[21:58:36] [Render thread/DEBUG] (io.netty.util.internal.PlatformDependent0) java.nio.DirectByteBuffer.<init>(long, {int,long}): unavailable
[21:58:36] [Render thread/DEBUG] (io.netty.util.internal.PlatformDependent) sun.misc.Unsafe: available
[21:58:36] [Render thread/DEBUG] (io.netty.util.internal.PlatformDependent) -Dio.netty.tmpdir: C:\Users\ruinl\AppData\Local\Temp (java.io.tmpdir)
[21:58:36] [Render thread/DEBUG] (io.netty.util.internal.PlatformDependent) -Dio.netty.bitMode: 64 (sun.arch.data.model)
[21:58:36] [Render thread/DEBUG] (io.netty.util.internal.PlatformDependent) Platform: Windows
[21:58:36] [Render thread/DEBUG] (io.netty.util.internal.PlatformDependent) -Dio.netty.maxDirectMemory: -1 bytes
[21:58:36] [Render thread/DEBUG] (io.netty.util.internal.CleanerJava9) java.nio.ByteBuffer.cleaner(): available
[21:58:36] [Render thread/DEBUG] (io.netty.util.internal.PlatformDependent) -Dio.netty.noPreferDirect: false
[21:58:36] [Render thread/DEBUG] (io.netty.util.internal.PlatformDependent) -Dio.netty.jfr.enabled: true
[21:58:36] [Render thread/DEBUG] (io.netty.util.internal.PlatformDependent) org.jctools-core.MpscChunkedArrayQueue: available
[21:58:36] [Render thread/DEBUG] (io.netty.channel.DefaultChannelId) -Dio.netty.processId: 22076 (auto-detected)
[21:58:36] [Render thread/DEBUG] (io.netty.util.NetUtil) -Djava.net.preferIPv4Stack: false
[21:58:36] [Render thread/DEBUG] (io.netty.util.NetUtil) -Djava.net.preferIPv6Addresses: false
[21:58:36] [Render thread/DEBUG] (io.netty.util.NetUtilInitializations) Loopback interface: loopback_0 (Software Loopback Interface 1, 0:0:0:0:0:0:0:1)
[21:58:36] [Render thread/DEBUG] (io.netty.util.NetUtil) Failed to get SOMAXCONN from sysctl and file \proc\sys\net\core\somaxconn. Default: 200
[21:58:36] [Render thread/DEBUG] (io.netty.channel.DefaultChannelId) -Dio.netty.machineId: 34:5a:60:ff:fe:b3:47:29 (auto-detected)
[21:58:36] [Render thread/DEBUG] (io.netty.buffer.AdaptiveByteBufAllocator) -Dio.netty.allocator.useCachedMagazinesForNonEventLoopThreads: false
[21:58:36] [Render thread/DEBUG] (io.netty.util.Recycler) -Dio.netty.recycler.maxCapacityPerThread: 4096
[21:58:36] [Render thread/DEBUG] (io.netty.util.Recycler) -Dio.netty.recycler.ratio: 8
[21:58:36] [Render thread/DEBUG] (io.netty.util.Recycler) -Dio.netty.recycler.chunkSize: 32
[21:58:36] [Render thread/DEBUG] (io.netty.util.Recycler) -Dio.netty.recycler.blocking: false
[21:58:36] [Render thread/DEBUG] (io.netty.util.Recycler) -Dio.netty.recycler.batchFastThreadLocalOnly: true
[21:58:36] [Render thread/DEBUG] (io.netty.buffer.ByteBufUtil) -Dio.netty.allocator.type: adaptive
[21:58:36] [Render thread/DEBUG] (io.netty.buffer.ByteBufUtil) -Dio.netty.threadLocalDirectBufferSize: 0
[21:58:36] [Render thread/DEBUG] (io.netty.buffer.ByteBufUtil) -Dio.netty.maxThreadLocalCharBufferSize: 16384
[21:58:36] [Render thread/DEBUG] (io.netty.bootstrap.ChannelInitializerExtensions) -Dio.netty.bootstrap.extensions: null
[21:58:36] [Render thread/DEBUG] (FabricLoader/Mixin) Mixing ConnectionMixin from pancreas.mixins.json into net.minecraft.network.Connection
[21:58:36] [Render thread/DEBUG] (FabricLoader/Mixin) pancreas.mixins.json:ConnectionMixin from mod pancreas->@Inject::onSendPacket(Lnet/minecraft/network/protocol/Packet;Lorg/spongepowered/asm/mixin/injection/callback/CallbackInfo;)V does use it's CallbackInfo
[21:58:36] [Render thread/DEBUG] (FabricLoader/Mixin) pancreas.mixins.json:ConnectionMixin from mod pancreas->@Inject::onSentPacket(Lnet/minecraft/network/protocol/Packet;Lorg/spongepowered/asm/mixin/injection/callback/CallbackInfo;)V doesn't use it's CallbackInfo
[21:58:36] [Render thread/DEBUG] (FabricLoader/Mixin) pancreas.mixins.json:ConnectionMixin from mod pancreas->@Inject::onSentPacket(Lnet/minecraft/network/protocol/Packet;Lorg/spongepowered/asm/mixin/injection/callback/CallbackInfo;)V has 0 override(s) in child classes
[21:58:36] [Render thread/DEBUG] (FabricLoader/Mixin) pancreas.mixins.json:ConnectionMixin from mod pancreas->@Inject::onSentPacket(Lnet/minecraft/network/protocol/Packet;Lorg/spongepowered/asm/mixin/injection/callback/CallbackInfo;)V won't be passed a CallbackInfo as a result
[21:58:36] [Render thread/DEBUG] (FabricLoader/Mixin) pancreas.mixins.json:ConnectionMixin from mod pancreas->@Inject::onReceivePacket(Lio/netty/channel/ChannelHandlerContext;Lnet/minecraft/network/protocol/Packet;Lorg/spongepowered/asm/mixin/injection/callback/CallbackInfo;)V does use it's CallbackInfo
[21:58:36] [Netty Local IO #1/DEBUG] (io.netty.buffer.AbstractByteBuf) -Dio.netty.buffer.checkAccessible: true
[21:58:36] [Netty Local IO #1/DEBUG] (io.netty.buffer.AbstractByteBuf) -Dio.netty.buffer.checkBounds: true
[21:58:36] [Netty Local IO #1/DEBUG] (io.netty.util.ResourceLeakDetectorFactory) Loaded default ResourceLeakDetector: io.netty.util.ResourceLeakDetector@30aafd55
[21:58:38] [Server thread/INFO] (net.minecraft.server.level.progress.LoggingLevelLoadListener) Loading 48 chunks for player spawn...
[21:58:38] [Server thread/INFO] (net.minecraft.server.level.progress.LoggingLevelLoadListener) Preparing spawn area: 16%
[21:58:38] [Server thread/INFO] (net.minecraft.server.level.progress.LoggingLevelLoadListener) Preparing spawn area: 16%
[21:58:38] [Server thread/INFO] (net.minecraft.server.level.progress.LoggingLevelLoadListener) Preparing spawn area: 16%
[21:58:38] [Server thread/INFO] (net.minecraft.server.level.progress.LoggingLevelLoadListener) Preparing spawn area: 16%
[21:58:38] [Server thread/INFO] (net.minecraft.server.level.progress.LoggingLevelLoadListener) Preparing spawn area: 16%
[21:58:38] [Server thread/INFO] (net.minecraft.server.level.progress.LoggingLevelLoadListener) Preparing spawn area: 16%
[21:58:39] [Server thread/INFO] (net.minecraft.server.level.progress.LoggingLevelLoadListener) Preparing spawn area: 30%
[21:58:39] [Server thread/INFO] (net.minecraft.server.level.progress.LoggingLevelLoadListener) Preparing spawn area: 87%
[21:58:39] [Server thread/INFO] (net.minecraft.server.level.progress.LoggingLevelLoadListener) Time elapsed: 3571 ms
[21:58:39] [Render thread/DEBUG] (FabricLoader/Mixin) Mixing ServerboundMovePlayerPacketAccessor from pancreas.mixins.json into net.minecraft.network.protocol.game.ServerboundMovePlayerPacket
[21:58:39] [Render thread/DEBUG] (FabricLoader/Mixin) Mixing ClientPacketListenerMixin from pancreas.mixins.json into net.minecraft.client.multiplayer.ClientPacketListener
[21:58:39] [Server thread/INFO] (net.minecraft.server.players.PlayerList) Player165[local:E:908667ad] logged in with entity id 31 at (-1.5, 88.0, -9.5)
[21:58:39] [Server thread/INFO] (net.minecraft.server.MinecraftServer) Player165 joined the game
[21:58:39] [Render thread/DEBUG] (FabricLoader/Mixin) Mixing MultiPlayerGameModeAccessor from pancreas.mixins.json into net.minecraft.client.multiplayer.MultiPlayerGameMode
[21:58:40] [Server thread/INFO] (net.minecraft.client.server.IntegratedServer) Changing view distance to 16, from 10
[21:58:40] [Server thread/INFO] (net.minecraft.client.server.IntegratedServer) Changing simulation distance to 12, from 0
[21:58:40] [Render thread/INFO] (net.minecraft.advancements.AdvancementTree) Loaded 2 advancements
[21:58:40] [Render thread/INFO] (net.minecraft.client.renderer.DynamicUniformStorage) Resizing Dynamic Transforms UBO, capacity limit of 2 reached during a single frame. New capacity will be 4.
[21:58:40] [Render thread/INFO] (net.minecraft.client.renderer.DynamicUniformStorage) Resizing Dynamic Transforms UBO, capacity limit of 4 reached during a single frame. New capacity will be 8.
[21:58:40] [Render thread/DEBUG] (com.mojang.blaze3d.systems.RenderSystem) Growing IndexBuffer: Old limit 14688, new limit 120408.
[21:58:40] [Render thread/INFO] (net.minecraft.client.renderer.DynamicUniformStorage) Resizing Chunk Sections UBO, capacity limit of 2 reached during a single frame. New capacity will be 8.
[21:58:40] [Render thread/INFO] (net.minecraft.client.renderer.DynamicUniformStorage) Resizing Chunk Sections UBO, capacity limit of 8 reached during a single frame. New capacity will be 16.
[21:58:40] [Render thread/INFO] (net.minecraft.client.renderer.DynamicUniformStorage) Resizing Chunk Sections UBO, capacity limit of 16 reached during a single frame. New capacity will be 32.
